[DeluxeBB]
url=http://www.deluxebb.com/
safe=
vuln=CVE-2010-4151
file=header.php
variable=$versionname
subdir=0
extra_match=DeluxeBB

[PunBB]
url=http://punbb.org/
safe=1.4.1
vuln=https://secunia.com/advisories/46864
file=install.php
variable=FORUM_VERSION
subdir=0

[PunBB12]
url=http://punbb.org/
safe=1.4.1
vuln=https://secunia.com/advisories/46864
file=install.php
variable=$punbb_version
subdir=0

[UseBB]
url=http://www.usebb.net/
safe=1.0.12
latest=1.0.16
vuln=CVE-2011-3611
file=common.php
variable=USEBB_VERSION
subdir=1

[Vanilla]
url=http://vanillaforums.com/
safe=2.1.3
vuln=http://vanillaforums.org/discussion/27822/vanilla-2-1-3-security-release
file=version.php
variable=APPLICATION_VERSION
subdir=1
extra_match=define('APPLICATION', 'Vanilla');

[Vanilla2]
url=http://vanillaforums.com/
safe=2.1.3
vuln=http://vanillaforums.org/discussion/27822/vanilla-2-1-3-security-release
file=index.php
variable=APPLICATION_VERSION
subdir=0
extra_match=define('APPLICATION', 'Vanilla');

[wBB]
url=http://www.woltlab.com/
safe=3.0.9
vuln=http://www.securityfocus.com/archive/1/503867/30/60/threaded
file=config.inc.php
variable=define('PACKAGE_VERSION',
subdir=0

[WBBLite]
url=http://wbblite.com/
safe=2.1
vuln=http://www.securityfocus.com/archive/1/503867/30/60/threaded
file=package.xml
variable=<version>
extra_match=<packagename>WoltLab Burning Board Lite</packagename>
subdir=0

[vBulletin]
url=https://www.vbulletin.com/
safe=4.2.2
vuln=CVE-2013-6129
file=class_core.php
variable=define('FILE_VERSION'
subdir=1
extra_match=vBulletin
[Serendipity]
url=http://www.s9y.org/
safe=1.7.7
vuln=http://blog.s9y.org/archives/253-Serendipity-1.7.7-released.html
file=serendipity_config.inc.php
variable=$serendipity['version']
subdir=0

[Wordpress]
url=http://www.wordpress.org/
safe=4.0.1
old_safe=3.9.3,3.8.5,3.7.5
vuln=https://wordpress.org/news/2014/11/wordpress-4-0-1/
file=version.php
variable=$wp_version
subdir=1
extra_match=The WordPress version string

[SimplePHPBlog]
url=http://www.simplephpblog.com/
safe=0.5.1
vuln=CVE-2007-5071
file=sb_functions.php
variable=$sb_info[ 'version' ]
subdir=1

[b2evolution]
url=http://b2evolution.net/
safe=1.9.2
old_safe=1.8.7
vuln=CVE-2007-0175
file=_application.php
variable=$app_version
extra_match=This is b2evolution
subdir=2

[nucleuscms]
url=http://www.nucleuscms.org/
safe=3.40
vuln=CVE-2009-0929
file=globalfunctions.php
variable=$nucleus['version']
subdir=2

[sBlog]
url=http://sblog.se
# Last release 0.7.3 since 2006-03-09
safe=
vuln=CVE-2007-1801
file=version.ini
variable=conf_current_version
subdir=1
extra_match=[sblog_version_info]

[artmedic_weblog]
url=http://www.artmedic-phpscripts.de/
safe=
# 1.0 as of 20080325
vuln=CVE-2008-0798
file=artmedic_index.php
variable=# artmedic weblog
subdir=0

[DotClear]
url=http://www.dotclear.net/
safe=2.2.3
vuln=CVE-2011-1584
file=LISEZMOI.txt
variable=DotClear
subdir=0
[WebsiteBaker]
url=http://www.websitebaker.org/
safe=2.8.2
vuln=CVE-2011-4322
file=version.php
variable=VERSION
extra_match=Website Baker Project
subdir=3

[WebsiteBaker28]
url=http://www.websitebaker.org/
safe=2.8.2
vuln=CVE-2011-4322
file=info.php
variable=$template_platform
extra_match=wb_theme
subdir=3

[toendaCMS]
url=http://www.toendacms.com/
safe=
vuln=CVE-2007-1872
file=tcms_version.xml
variable=release
subdir=2

[PHPNuke]
url=http://phpnuke.org/
# I'm not really sure about that, but 8.0 is at least vulnerable
# Versions pre 8.0 aren't easily detectable
safe=8.1
vuln=CVE-2007-1519
file=version.php
variable=$version_number
extra_match=PHP-Nuke $version_number
subdir=2

[Typo3]
url=http://typo3.org/
safe=6.2.6
old_safe=6.1.12,4.7.20,4.5.37
vuln=https://typo3.org/teams/security/security-bulletins/typo3-core/typo3-core-sa-2014-002/
file=config_default.php
variable=$TYPO_VERSION
subdir=1

[typo3-6]
url=http://typo3.org/
safe=6.2.6
old_safe=6.1.12,4.7.20,4.5.37
vuln=https://typo3.org/teams/security/security-bulletins/typo3-core/typo3-core-sa-2014-002/
file=SystemEnvironmentBuilder.php
variable=define('TYPO3_version
subdir=4

[Mambo]
url=http://www.source.mambo-foundation.org/
safe=4.6.5
vuln=CVE-2008-2905
file=version.php
variable=var $RELEASE,var $DEV_LEVEL
extra_match=@package Mambo
subdir=1

[w-Agora]
url=http://www.w-agora.net/
# last release 4.2.1 in 2006-07-12
safe=
vuln=CVE-2007-0607
file=misc_func.php
variable=$v =
subdir=1
extra_match=w-agora version $v

[PostNuke]
# This one is a hell to detect, not sure for how many versions this works
url=http://www.postnuke.com
# 0.764 last stable in 2006-11-20, 0.8.0.0 rcs available
safe=
vuln=CVE-2007-0385
file=global.php
variable=_MESSAGE_00_a
subdir=2
extra_match=http://www.pn-cms.de

[Contenido]
url=http://www.contenido.org/
safe=4.8.15
latest=4.8.15
vuln=http://www.contenido.org/de/front_content.php?idcat=107&idart=1789&client=6&lang=3
file=config.misc.php
variable=$cfg['version']
subdir=1
extra_match=Contenido Misc Configurations

[e107]
url=http://e107.org/
safe=1.0.0
vuln=CVE-2011-4920
file=ver.php
variable=$e107info['e107_version']
subdir=0

[SPIP]
url=http://www.spip.net/
safe=2.1.13
old_safe=2.0.18
vuln=http://archives.rezo.net/archives/spip-en.mbox/U5QUZ6WJRAJC7H5BR7W5SQG6WCD3PXL7/
file=inc_version.php
variable=$spip_version_branche
subdir=1

[redaxo]
url=http://www.redaxo.org/
safe=4.5
vuln=CVE-2012-3869
latest=4.5
file=en_gb.lang
variable=setup_037
subdir=3
[vtigerCRM]
url=http://www.vtiger.de
safe=5.3.0
vuln=CVE-2011-4670
file=vtigerversion.php
variable=$vtiger_current_version
subdir=0
[Phormer]
url=http://p.horm.org/er/
safe=
vuln=CVE-2007-5013
file=funcs.php
variable=PHORMER_VERSION
subdir=0

[Gallery2]
url=http://gallery.menalto.com/
safe=2.3.2
vuln=CVE-2012-1113
file=module.inc
variable=setGalleryVersion
subdir=2

[Gallery3]
url=http://gallery.menalto.com/
safe=3.0.9
vuln=http://galleryproject.org/gallery_3_0_9
file=gallery.php
variable=const VERSION
subdir=3

[Coppermine]
url=http://coppermine-gallery.net/
safe=1.5.28
vuln=CVE-2014-4612
file=versioncheck.php
variable=Coppermine version
subdir=0

[Piwigo/PhpWebGallery]
url=http://www.phpwebgallery.net/
safe=2.6.3
vuln=CVE-2014-4648
file=constants.php
variable=PHPWG_VERSION
subdir=1

[LinPHA]
url=http://linpha.sourceforge.net
safe=1.3.4
vuln=CVE-2008-1856
file=upgrade.php
variable=$version
subdir=1
extra_match=$inst_linpha_not_work_correctly

[mig]
url=http://mig.sourceforge.net/
safe=1.5.0
vuln=CVE-2005-2603
file=index.php
variable=$version
subdir=0
extra_match=Mig - A general purpose photo gallery management system.

[zenphoto]
url=http://www.zenphoto.org/
safe=1.4.5.4
vuln=CVE-2013-7242
file=version.php
variable=define('ZENPHOTO_VERSION'
subdir=1
[Horde-groupware]
url=http://www.horde.org/
file=bundle.php
variable=BUNDLE_VERSION
extra_match='Horde Groupware'
safe=1.2.5
vuln=CVE-2009-3701
subdir=1

[eGroupWare]
url=http://www.egroupware.org/
safe=1.8.006
vuln=CVE-2014-2027
file=setup.inc.php
variable=$setup_info['phpgwapi']['version']
subdir=2

[more.groupware]
url=http://www.moregroupware.com/
safe=
vuln=CVE-2006-4906
file=version.inc.php
variable=$gwversion_number
subdir=1

[SimpleGroupware]
url=http://www.simple-groupware.de/
safe=0.607
latest=0.724
vuln=http://www.simple-groupware.de/cms/Release-0-607
file=setup.php
variable=define("CORE_VERSION_STRING"
subdir=2
[DRBGuestbook]
url=http://www.dbscripts.net/guestbook/
safe=1.1.14
vuln=CVE-2007-5218
file=README.txt
variable=Version
extra_match=DRBGuestbook
subdir=0

[SimpGB]
url=http://www.boesch-it.de/
safe=1.47.0
vuln=CVE-2007-5127
file=global.inc.php
variable=$version
subdir=1
extra_match=$path_simpgb
[cpDynaLinks]
url=http://www.cplinks.com/cpdynalinks/
# last release 1.02 on 2004-10-25
safe=
vuln=CVE-2007-5408
file=version.php
variable=$cplinks_version
subdir=0

[SimpNews]
url=http://www.boesch-it.de
safe=2.48
vuln=CVE-2010-2858
file=global.inc.php
variable=$version 
subdir=1
extra_match=$path_simpnews

[calendarix]
url=http://www.calendarix.com/
safe=     
vuln=CVE-2007-3183
file=cal_config.inc.php
variable=$version
subdir=0

[myEvent]
url=http://mywebland.com/
safe=     
vuln=CVE-2007-0690
file=config.php
variable=$version
extra_match=$eventbgcolor
subdir=0

[php-stats]
url=http://php-stats.com/
safe=
vuln=CVE-2007-5453
file=update.php
variable=$version
extra_match=http://php-stats.com/
subdir=0

[Ampache]
url=http://ampache.org/
safe=3.5.3
vuln=http://ampache.org/2009/12/20/3-5-3-security-release/
file=init.php
variable=$results['version']
subdir=1
extra_match=$ampache_path

[SiteBar]
url=http://sitebar.org/
safe=3.3.9
vuln=CVE-2007-5492
file=database.inc.php
variable=SB_CURRENT_RELEASE
subdir=1

[phpPgAdmin]
url=http://phppgadmin.sourceforge.net/
safe=5.0.4
vuln=CVE-2012-1600
file=lib.inc.php
variable=$appVersion
subdir=1
extra_match=phpPgAdmin

[FTP Admin]
url=http://ftpadmin.sourceforge.net/
safe=
vuln=CVE-2007-6234
file=session_start.php
variable=VERSION
subdir=0
extra_match=define("TITLE", "FTP Admin");

[Moodle]
url=http://www.moodle.org/
safe=2.7.3
old_safe=2.6.6,2.5.9
vuln=CVE-2014-7830
file=version.php
variable=$release
subdir=0
extra_match=MOODLE VERSION INFORMATION

[cacti]
url=http://www.cacti.net/
safe=0.8.7
vuln=CVE-2007-6035
file=global.php
variable=$config["cacti_version"]
subdir=1

[gnopaste]
url=http://gnopaste.sf.net/
safe=0.5.4
vuln=CVE-2006-2834
file=install.php
variable=$_SESSION['page_title'] = 'gnopaste
subdir=0

[Flyspray]
url=http://www.flyspray.org/
safe=0.9.9.7
vuln=CVE-2012-1058
file=class.flyspray.php
variable=var $version
subdir=1

[phpMyID]
url=http://siege.org/projects/phpMyID
safe=
vuln=CVE-2008-4730
file=MyID.php
variable=@version
subdir=0

[phplist]
url=http://www.phplist.com/
safe=3.0.6
vuln=CVE-2014-2916
file=connect.php
variable=define("VERSION"
subdir=1

[Piwik]
url=http://piwik.org/
safe=2.6.0
vuln=https://community.qualys.com/blogs/securitylabs/2014/09/11/xss-vulnerability-shows-how-security-issues-can-creep-into-popular-software
file=Version.php
variable=const VERSION
subdir=1
extra_match=@link http://piwik.org

[phpWishlist]
url=http://phpwishlist.sourceforge.net/
safe=0.1.15
vuln=CVE-2005-2203
file=header.inc.php
variable=$version
subdir=1
extra_match=* Wishlist -

[awstats]
url=http://awstats.sourceforge.net/
safe=7.1
vuln=CVE-2012-4547
file=awstats.pl
variable=$VERSION  =
subdir=0

[phpMyFAQ]
url=http://www.phpmyfaq.de/
safe=2.5.5
vuln=http://www.phpmyfaq.de/advisory_2009-12-01.php
file=phpmyfaq.spec
variable=version
subdir=1

[Horde-webmail]
url=http://www.horde.org/
file=bundle.php
variable=BUNDLE_VERSION
extra_match='Horde Groupware Webmail Edition'
safe=1.2.7
vuln=http://secunia.com/advisories/39860
subdir=1

[ResourceSpace]
url=http://www.resourcespace.org/
file=version.php
variable=$productname='ResourceSpace';$productversion
safe=4.2.2833
latest=4.3.2912
vuln=CVE-2011-4311
subdir=1

[apc.php]
url=http://pecl.php.net/package/APC
file=apc.php
# this does not contain it's "real" version number, using the CVS id
# instead - there's been an XSS pre 3.1.4.
variable=$VERSION='$Id: apc.php
safe=301867
vuln=CVE-2010-3294
subdir=0

[webtrees]
url=http://webtrees.net/
file=session.php
variable=define('WT_VERSION'
safe=1.2.4
latest=1.2.4
vuln=http://webtrees.net/en/forums/2-open-discussion/16423-webtrees-124
subdir=1

[PhpGedView]
url=http://phpgedview.sourceforge.net/
file=session.php
variable=define('PGV_VERSION'
safe=
vuln=2011-0405
subdir=1

[status.net]
url=http://status.net
file=common.php
variable=define('STATUSNET_BASE_VERSION'
safe=0.9.9
vuln=CVE-2011-3370
subdir=1

[limesurvey18]
url=http://www.limesurvey.org/
file=common.php
variable=$versionnumber
extra_match=LimeSurvey
safe=2.05
vuln=http://www.zeroscience.mk/en/vulnerabilities/ZSL-2013-5161.php
subdir=0

[limesurvey19]
url=http://www.limesurvey.org/
file=version.php
variable=$versionnumber
extra_match=$dbversionnumber
safe=2.05
vuln=http://www.zeroscience.mk/en/vulnerabilities/ZSL-2013-5161.php
subdir=0

[limesurvey]
url=http://www.limesurvey.org/
file=version.php
variable=$config['versionnumber']
extra_match=LimeSurvey
safe=2.05
vuln=http://www.zeroscience.mk/en/vulnerabilities/ZSL-2013-5161.php
subdir=2

[webcalendar]
url=http://www.k5n.us/webcalendar.php
file=config.php
variable=$PROGRAM_VERSION
extra_match=@package WebCalendar
safe=1.2.7
vuln=CVE-2013-1422
subdir=1

[owncloud6]
url=http://owncloud.org/
file=version.php
variable=$OC_VersionString
vuln=CVE-2014-5341
safe=6.0.5
subdir=0


[owncloud]
url=http://owncloud.org/
file=util.php
variable=return '
extra_match=OC_Util
subdir=1
vuln=CVE-2014-4929
safe=5.0.17

[videodb]
url=http://www.videodb.net/
file=constants.php
variable=('VERSION',
extra_match=TBL_
safe=4.0
vuln=http://www.exploit-db.com/exploits/17660/
subdir=1

[OpenX]
url=http://www.openx.com/
file=constants.php
variable=OA_VERSION
extra_match=OpenX
safe=
vuln=http://www.kreativrauschen.com/blog/2013/12/18/zero-day-vulnerability-in-openx-source-2-8-11-and-revive-adserver-3-0-1/
subdir=0

[revive]
url=http://www.revive-adserver.com/
file=constants.php
variable=VERSION
extra_match=Revive Adserver
safe=3.0.5
vuln=CVE-2013-5954
subdir=0
[Serendipity-mycalendar]
url=http://www.s9y.org
safe=0.13
vuln=CVE-2007-6390
file=serendipity_event_mycalendar.php
variable=$propbag->add('version'
subdir=0

[Serendipity-freetag]
url=http://www.s9y.org
safe=3.30
vuln=CVE-2011-3610
file=serendipity_event_freetag.php
variable=$propbag->add('version'
subdir=0

[SquirrelMail-gpg]
url=http://www.squirrelmail.org/plugin_view.php?id=153
safe=2.1
vuln=CVE-2007-3779
file=gpg_pref_functions.php
variable=$GPG_VERSION
subdir=0

[Drupal-Views]
url=http://drupal.org/project/views
safe=2.13
vuln=CVE-2011-4113
file=views.info
variable=version = "6.x
subdir=0

[Wordpress-timthumb]
url=http://code.google.com/p/timthumb/
safe=2.0
vuln=CVE-2011-4106
file=timthumb.php
variable=('VERSION',
extra_match=TimThumb
subdir=0

[Wordpress-timthumb_renamed]
url=http://code.google.com/p/timthumb/
safe=2.0
vuln=CVE-2011-4106
file=thumb.php
variable=('VERSION',
extra_match=TimThumb
subdir=0

[Wordpress-timthumb-renamed]
url=http://code.google.com/p/timthumb/
safe=2.0
vuln=CVE-2011-4106
file=thumb.php
variable=define ('VERSION',
extra_match="TimThumb"
subdir=0

[Joomla-JCE]
url=http://www.joomlacontenteditor.net/
safe=2.1
vuln=CVE-2012-2902
file=editor.php
variable=$_version
extra_match=JCE class
subdir=3

[WP Super Cache]
url=http://wordpress.org/extend/plugins/wp-super-cache/
safe=1.3.2
latest=1.3.2
vuln=CVE-2013-2011
file=wp-cache.php
variable=Version:
extra_match=Plugin Name: WP Super Cache
subdir=0

[W3 Total Cache]
url=http://wordpress.org/extend/plugins/w3-total-cache/
safe=0.9.2.9
vuln=CVE-2013-2010
file=w3-total-cache.php
variable=Version:
extra_match=Plugin Name: W3 Total Cache
subdir=0

[phpThumb]
url=http://phpthumb.sourceforge.net/
safe=1.7.10
vuln=CVE-2010-1598
file=phpthumb.class.php
variable=$phpthumb_version
subdir=0

[Wordpress-Jetpack]
url=http://jetpack.me/
safe=2.9.3
vuln=CVE-2014-0173
file=jetpack.php
variable=JETPACK__VERSION
subdir=0

[Wordpress-MailPoet]
url=http://www.mailpoet.com/
safe=2.6.8
vuln=CVE-2014-4726
file=base.php
variable=static $version
extra_match=WYSIJA_object
subdir=0

[Wordpress-CustomContact]
url=https://wordpress.org/plugins/custom-contact-forms/
safe=5.1.0.4
vuln=http://blog.sucuri.net/2014/08/database-takeover-in-custom-contact-forms.html
file=custom-contact-forms.php
variable=Version
subdir=0

[Wordpress-SliderRevolution]
url=http://themepunch.com/revolution/
safe=4.2.0
vuln=http://blog.sucuri.net/2014/09/slider-revolution-plugin-critical-vulnerability-being-exploited.html
file=revslider.php
variable=$revSliderVersion
subdir=0

[Wordpress-NextGEN]
url=https://wordpress.org/plugins/nextgen-gallery/
safe=2.0.66.17
vuln=https://wordpress.org/plugins/nextgen-gallery/changelog/
file=nggallery.php
variable=NGG_PLUGIN_VERSION
subdir=0
[FreeWebshop]
url=http://www.freewebshop.org/
safe=2.2.7
vuln=CVE-2007-6711
file=subs.inc.php
variable=$version
subdir=1

[Magento]
url=http://www.magentocommerce.com/
safe=1.3.1.1
vuln=http://www.magentocommerce.com/download/release_notes
file=Mage.php
variable=return '
subdir=1

[zencart]
url=http://www.zen-cart.com/
safe=1.3.9
vuln=CVE-2009-2254
file=paypaldp.php
variable=$this->codeVersion
subdir=3
[MediaWiki]
url=http://www.mediawiki.org/
safe=1.23.5
old_safe=1.22.12,1.19.20
latest=1.23.5
vuln=CVE-2014-7295
file=DefaultSettings.php
variable=$wgVersion
subdir=1
download=http://download.wikimedia.org/mediawiki/1.23/mediawiki-__VERSION__.tar.gz
upgradeinstructions=http://www.mediawiki.org/wiki/Upgrade

[TWiki]
url=http://twiki.org/
safe=5.0.1
vuln=CVE-2010-3841
file=TWiki.pm
variable=$RELEASE
subdir=1

[PmWiki]
url=http://www.pmwiki.org/
safe=2.2.35
vuln=CVE-2011-4453
file=version.php
variable=$Version
extra_match=pmwiki
subdir=1

[TikiWiki]
url=http://tikiwiki.org/
safe=5.3
old_safe=3.8
vuln=CVE-2010-4239
file=twversion.class.php
variable=$this->version
subdir=2

[TikiWiki-old]
url=http://tikiwiki.org/
safe=5.3
old_safe=3.8
vuln=CVE-2010-4239
file=README
variable=version
extra_match=Tiki! The wiki
subdir=0

[phpwiki]
url=http://phpwiki.sourceforge.net/
safe=1.3.14
vuln=CVE-2007-3193
file=prepend.php
variable=PHPWIKI_VERSION
subdir=1

[phpwiki-legacy]
url=http://phpwiki.sourceforge.net/
safe=1.3.14
vuln=CVE-2007-3193
file=config.php
variable=PHPWIKI_VERSION
subdir=1

[etherpad-lite]
url=http://etherpad.org/
# not really, 1.1.3 is safe, but 1.1.3/1.1.4 contain wrong version string
safe=1.1.2
vuln=http://etherpad.org/
file=package.json
variable=version
extra_match=https://github.com/Pita/etherpad-lite
subdir=0
